[
  {
    "indices": [
      44,
      54
    ],
    "composition": {
      "C": 1,
      "O": 1
    },
    "formula": "CO",
    "type": "CO",
    "n_atoms": 2,
    "center": [
      5.834433955016066,
      5.465965754373438,
      12.12254690182078
    ],
    "radius": 0.668748001829757,
    "mass": 28.009999999999998
  },
  {
    "indices": [
      45,
      55
    ],
    "composition": {
      "C": 1,
      "O": 1
    },
    "formula": "CO",
    "type": "CO",
    "n_atoms": 2,
    "center": [
      8.615501455908605,
      3.233052224205641,
      10.978712252052839
    ],
    "radius": 0.6771346339394837,
    "mass": 28.009999999999998
  },
  {
    "indices": [
      46,
      56,
      60
    ],
    "composition": {
      "O": 2,
      "C": 1
    },
    "formula": "CO2",
    "type": "CO2",
    "n_atoms": 3,
    "center": [
      6.2006836076711584,
      8.851143414301621,
      13.097559822763525
    ],
    "radius": 1.1943274224815084,
    "mass": 44.009
  },
  {
    "indices": [
      47,
      57
    ],
    "composition": {
      "O": 1,
      "C": 1
    },
    "formula": "CO",
    "type": "CO",
    "n_atoms": 2,
    "center": [
      13.03584280257051,
      6.056631006426276,
      11.682923176722598
    ],
    "radius": 0.661475762461962,
    "mass": 28.009999999999998
  },
  {
    "indices": [
      48,
      58
    ],
    "composition": {
      "C": 1,
      "O": 1
    },
    "formula": "CO",
    "type": "CO",
    "n_atoms": 2,
    "center": [
      11.125378240628347,
      15.604250651553016,
      10.429031658336308
    ],
    "radius": 0.6577914332551011,
    "mass": 28.009999999999998
  },
  {
    "indices": [
      49,
      59
    ],
    "composition": {
      "C": 1,
      "O": 1
    },
    "formula": "CO",
    "type": "CO",
    "n_atoms": 2,
    "center": [
      7.632613903605856,
      12.281945382363443,
      11.808662255622995
    ],
    "radius": 0.6951563893511579,
    "mass": 28.009999999999998
  },
  {
    "indices": [
      50,
      61
    ],
    "composition": {
      "C": 1,
      "O": 1
    },
    "formula": "CO",
    "type": "CO",
    "n_atoms": 2,
    "center": [
      4.4610920110674765,
      12.780462747590148,
      12.363137001071047
    ],
    "radius": 0.6643309932259593,
    "mass": 28.009999999999998
  },
  {
    "indices": [
      51,
      62,
      65
    ],
    "composition": {
      "O": 2,
      "C": 1
    },
    "formula": "CO2",
    "type": "CO2",
    "n_atoms": 3,
    "center": [
      9.024248237860437,
      6.165964339794132,
      12.250165040332659
    ],
    "radius": 1.1956004222894052,
    "mass": 44.009
  },
  {
    "indices": [
      52,
      63
    ],
    "composition": {
      "C": 1,
      "O": 1
    },
    "formula": "CO",
    "type": "CO",
    "n_atoms": 2,
    "center": [
      8.161029774009283,
      7.855767268118529,
      16.049649518743305
    ],
    "radius": 0.6300415976078424,
    "mass": 28.009999999999998
  },
  {
    "indices": [
      53,
      64
    ],
    "composition": {
      "O": 1,
      "C": 1
    },
    "formula": "CO",
    "type": "CO",
    "n_atoms": 2,
    "center": [
      10.314588375937166,
      9.98839894252053,
      13.186361462334881
    ],
    "radius": 0.6685680577618728,
    "mass": 28.009999999999998
  }
]