[
  {
    "indices": [
      42,
      52
    ],
    "composition": {
      "C": 1,
      "O": 1
    },
    "formula": "CO",
    "type": "CO",
    "n_atoms": 2,
    "center": [
      4.515667694751874,
      7.013619153516602,
      12.757667067118888
    ],
    "radius": 0.6640048816375064,
    "mass": 28.009999999999998
  },
  {
    "indices": [
      43,
      53
    ],
    "composition": {
      "C": 1,
      "O": 1
    },
    "formula": "CO",
    "type": "CO",
    "n_atoms": 2,
    "center": [
      8.172512878257766,
      3.2729959000357023,
      11.294418667618709
    ],
    "radius": 0.6440370409640587,
    "mass": 28.009999999999998
  },
  {
    "indices": [
      44,
      54,
      58
    ],
    "composition": {
      "O": 2,
      "C": 1
    },
    "formula": "CO2",
    "type": "CO2",
    "n_atoms": 3,
    "center": [
      6.288847414165285,
      10.028721869390353,
      13.826711324274578
    ],
    "radius": 1.175490578399046,
    "mass": 44.009
  },
  {
    "indices": [
      45,
      55
    ],
    "composition": {
      "C": 1,
      "O": 1
    },
    "formula": "CO",
    "type": "CO",
    "n_atoms": 2,
    "center": [
      13.313847800071404,
      7.116910118529097,
      12.405762074259195
    ],
    "radius": 0.6547831218400832,
    "mass": 28.009999999999998
  },
  {
    "indices": [
      46,
      56
    ],
    "composition": {
      "O": 1,
      "C": 1
    },
    "formula": "CO",
    "type": "CO",
    "n_atoms": 2,
    "center": [
      12.30721425740807,
      16.79182220135666,
      10.452596602641915
    ],
    "radius": 0.6596738289414339,
    "mass": 28.009999999999998
  },
  {
    "indices": [
      47,
      57
    ],
    "composition": {
      "O": 1,
      "C": 1
    },
    "formula": "CO",
    "type": "CO",
    "n_atoms": 2,
    "center": [
      7.358723137450911,
      12.285692471260266,
      11.755744493038202
    ],
    "radius": 0.6583780094245238,
    "mass": 28.009999999999998
  },
  {
    "indices": [
      48,
      59
    ],
    "composition": {
      "C": 1,
      "O": 1
    },
    "formula": "CO",
    "type": "CO",
    "n_atoms": 2,
    "center": [
      3.871574440199929,
      13.2649225208854,
      12.103229335237415
    ],
    "radius": 0.6568743786368333,
    "mass": 28.009999999999998
  },
  {
    "indices": [
      49,
      60,
      63
    ],
    "composition": {
      "C": 1,
      "O": 2
    },
    "formula": "CO2",
    "type": "CO2",
    "n_atoms": 3,
    "center": [
      8.531694923083915,
      7.2398832961439705,
      12.179446278715718
    ],
    "radius": 1.1835969936248982,
    "mass": 44.009
  },
  {
    "indices": [
      50,
      61
    ],
    "composition": {
      "C": 1,
      "O": 1
    },
    "formula": "CO",
    "type": "CO",
    "n_atoms": 2,
    "center": [
      10.437871295965728,
      7.130386398429133,
      15.425722342020707
    ],
    "radius": 0.6459906126613713,
    "mass": 28.009999999999998
  },
  {
    "indices": [
      51,
      62
    ],
    "composition": {
      "C": 1,
      "O": 1
    },
    "formula": "CO",
    "type": "CO",
    "n_atoms": 2,
    "center": [
      9.902195276686898,
      10.644545352374154,
      13.15390473509461
    ],
    "radius": 0.6404243780548315,
    "mass": 28.009999999999998
  }
]