[
  {
    "indices": [
      29,
      41
    ],
    "composition": {
      "O": 1,
      "C": 1
    },
    "formula": "CO",
    "type": "CO",
    "n_atoms": 2,
    "center": [
      12.305184796144236,
      9.639145017493753,
      10.505495539807214
    ],
    "radius": 0.6596783543657022,
    "mass": 28.009999999999998
  },
  {
    "indices": [
      30,
      42
    ],
    "composition": {
      "O": 1,
      "C": 1
    },
    "formula": "CO",
    "type": "CO",
    "n_atoms": 2,
    "center": [
      1.1022670274901822,
      7.902670449482327,
      11.516889291681544
    ],
    "radius": 0.6720144399035322,
    "mass": 28.009999999999998
  },
  {
    "indices": [
      31,
      43
    ],
    "composition": {
      "O": 1,
      "C": 1
    },
    "formula": "CO",
    "type": "CO",
    "n_atoms": 2,
    "center": [
      4.508434304534096,
      10.1759657650839,
      12.077282454837558
    ],
    "radius": 0.6289646337198169,
    "mass": 28.009999999999998
  },
  {
    "indices": [
      32,
      44
    ],
    "composition": {
      "C": 1,
      "O": 1
    },
    "formula": "CO",
    "type": "CO",
    "n_atoms": 2,
    "center": [
      12.080647975722956,
      9.37871200392717,
      14.590589962513388
    ],
    "radius": 0.6951245638785186,
    "mass": 28.009999999999998
  },
  {
    "indices": [
      33,
      45
    ],
    "composition": {
      "C": 1,
      "O": 1
    },
    "formula": "CO",
    "type": "CO",
    "n_atoms": 2,
    "center": [
      10.043805409139592,
      3.6471956604784013,
      12.96140121206712
    ],
    "radius": 0.6578530925218667,
    "mass": 28.009999999999998
  },
  {
    "indices": [
      34,
      46
    ],
    "composition": {
      "C": 1,
      "O": 1
    },
    "formula": "CO",
    "type": "CO",
    "n_atoms": 2,
    "center": [
      9.55581164726883,
      7.143982216351303,
      11.787897936094252
    ],
    "radius": 0.7018447559407298,
    "mass": 28.009999999999998
  },
  {
    "indices": [
      35,
      47
    ],
    "composition": {
      "C": 1,
      "O": 1
    },
    "formula": "CO",
    "type": "CO",
    "n_atoms": 2,
    "center": [
      7.677254521599429,
      7.223410458407712,
      14.890042690110675
    ],
    "radius": 0.6587045066141105,
    "mass": 28.009999999999998
  },
  {
    "indices": [
      36,
      48
    ],
    "composition": {
      "O": 1,
      "C": 1
    },
    "formula": "CO",
    "type": "CO",
    "n_atoms": 2,
    "center": [
      3.6859113605855054,
      5.018832570153516,
      10.95388911067476
    ],
    "radius": 0.6735602137393228,
    "mass": 28.009999999999998
  },
  {
    "indices": [
      37,
      49
    ],
    "composition": {
      "O": 1,
      "C": 1
    },
    "formula": "CO",
    "type": "CO",
    "n_atoms": 2,
    "center": [
      7.298975177079615,
      6.694929107461622,
      10.2431328511246
    ],
    "radius": 0.6723110913483021,
    "mass": 28.009999999999998
  },
  {
    "indices": [
      38,
      50
    ],
    "composition": {
      "O": 1,
      "C": 1
    },
    "formula": "CO",
    "type": "CO",
    "n_atoms": 2,
    "center": [
      8.508012194573366,
      9.977098557300964,
      13.401822028561229
    ],
    "radius": 0.6654696327718286,
    "mass": 28.009999999999998
  },
  {
    "indices": [
      39,
      51
    ],
    "composition": {
      "O": 1,
      "C": 1
    },
    "formula": "CO",
    "type": "CO",
    "n_atoms": 2,
    "center": [
      10.834367488397003,
      6.603856740092824,
      16.37240055087469
    ],
    "radius": 0.65325304776904,
    "mass": 28.009999999999998
  },
  {
    "indices": [
      40,
      52
    ],
    "composition": {
      "C": 1,
      "O": 1
    },
    "formula": "CO",
    "type": "CO",
    "n_atoms": 2,
    "center": [
      7.814599044269904,
      2.9874256522670475,
      10.18302478579079
    ],
    "radius": 0.6642196672604364,
    "mass": 28.009999999999998
  }
]