[
  {
    "indices": [
      34,
      46
    ],
    "composition": {
      "C": 1,
      "O": 1
    },
    "formula": "CO",
    "type": "CO",
    "n_atoms": 2,
    "center": [
      12.149250654766156,
      12.360382809710817,
      9.34981249018208
    ],
    "radius": 0.6486400119965783,
    "mass": 28.009999999999998
  },
  {
    "indices": [
      35,
      47
    ],
    "composition": {
      "C": 1,
      "O": 1
    },
    "formula": "CO",
    "type": "CO",
    "n_atoms": 2,
    "center": [
      3.7881758868261333,
      9.810884739021779,
      11.908795641556587
    ],
    "radius": 0.650692846781065,
    "mass": 28.009999999999998
  },
  {
    "indices": [
      36,
      48
    ],
    "composition": {
      "O": 1,
      "C": 1
    },
    "formula": "CO",
    "type": "CO",
    "n_atoms": 2,
    "center": [
      9.140228267404497,
      7.8812372863263125,
      17.2474530860407
    ],
    "radius": 0.6865192138054809,
    "mass": 28.009999999999998
  },
  {
    "indices": [
      37,
      49
    ],
    "composition": {
      "O": 1,
      "C": 1
    },
    "formula": "CO",
    "type": "CO",
    "n_atoms": 2,
    "center": [
      10.375361901820781,
      8.23655200392717,
      12.744567676544092
    ],
    "radius": 0.6946591993662536,
    "mass": 28.009999999999998
  },
  {
    "indices": [
      38,
      50
    ],
    "composition": {
      "O": 1,
      "C": 1
    },
    "formula": "CO",
    "type": "CO",
    "n_atoms": 2,
    "center": [
      6.805445529096752,
      7.572983254194932,
      11.414305462691898
    ],
    "radius": 0.6743312579973368,
    "mass": 28.009999999999998
  },
  {
    "indices": [
      39,
      51
    ],
    "composition": {
      "O": 1,
      "C": 1
    },
    "formula": "CO",
    "type": "CO",
    "n_atoms": 2,
    "center": [
      12.852555026419138,
      8.52221941949304,
      10.736394450196359
    ],
    "radius": 0.6742349313959256,
    "mass": 28.009999999999998
  },
  {
    "indices": [
      40,
      52
    ],
    "composition": {
      "C": 1,
      "O": 1
    },
    "formula": "CO",
    "type": "CO",
    "n_atoms": 2,
    "center": [
      7.800095803641556,
      4.811184076758302,
      13.56492884327026
    ],
    "radius": 0.6879615457649013,
    "mass": 28.009999999999998
  },
  {
    "indices": [
      41,
      53
    ],
    "composition": {
      "C": 1,
      "O": 1
    },
    "formula": "CO",
    "type": "CO",
    "n_atoms": 2,
    "center": [
      4.36975357836487,
      4.953330809710818,
      11.407735914316318
    ],
    "radius": 0.6893200220522031,
    "mass": 28.009999999999998
  },
  {
    "indices": [
      42,
      54
    ],
    "composition": {
      "C": 1,
      "O": 1
    },
    "formula": "CO",
    "type": "CO",
    "n_atoms": 2,
    "center": [
      7.8115925751517326,
      4.7866264626918955,
      10.56703232416994
    ],
    "radius": 0.6871499208247802,
    "mass": 28.009999999999998
  },
  {
    "indices": [
      43,
      55
    ],
    "composition": {
      "C": 1,
      "O": 1
    },
    "formula": "CO",
    "type": "CO",
    "n_atoms": 2,
    "center": [
      6.603367119243128,
      7.970443518029277,
      14.766017575865764
    ],
    "radius": 0.6684450676547506,
    "mass": 28.009999999999998
  },
  {
    "indices": [
      44,
      56
    ],
    "composition": {
      "O": 1,
      "C": 1
    },
    "formula": "CO",
    "type": "CO",
    "n_atoms": 2,
    "center": [
      10.573456665476616,
      5.21180637950732,
      15.345391406283474
    ],
    "radius": 0.676016122772386,
    "mass": 28.009999999999998
  },
  {
    "indices": [
      45,
      57
    ],
    "composition": {
      "O": 1,
      "C": 1
    },
    "formula": "CO",
    "type": "CO",
    "n_atoms": 2,
    "center": [
      10.665897229560873,
      5.03759362977508,
      10.905735424848269
    ],
    "radius": 0.6626354310311153,
    "mass": 28.009999999999998
  }
]