[
  {
    "indices": [
      29,
      42
    ],
    "composition": {
      "O": 1,
      "C": 1
    },
    "formula": "CO",
    "type": "CO",
    "n_atoms": 2,
    "center": [
      12.950348065690825,
      12.166976991074618,
      9.352266785076758
    ],
    "radius": 0.6479385029411967,
    "mass": 28.009999999999998
  },
  {
    "indices": [
      30,
      43
    ],
    "composition": {
      "O": 1,
      "C": 1
    },
    "formula": "CO",
    "type": "CO",
    "n_atoms": 2,
    "center": [
      4.1021731863620134,
      10.201194975722958,
      11.636327882184933
    ],
    "radius": 0.681303414861194,
    "mass": 28.009999999999998
  },
  {
    "indices": [
      31,
      44
    ],
    "composition": {
      "O": 1,
      "C": 1
    },
    "formula": "CO",
    "type": "CO",
    "n_atoms": 2,
    "center": [
      4.428794488039986,
      4.676706574437701,
      14.267027982149232
    ],
    "radius": 0.6605810012429228,
    "mass": 28.009999999999998
  },
  {
    "indices": [
      32,
      45
    ],
    "composition": {
      "C": 1,
      "O": 1
    },
    "formula": "CO",
    "type": "CO",
    "n_atoms": 2,
    "center": [
      10.377986830774724,
      7.737640372367012,
      12.4608798418422
    ],
    "radius": 0.6589491055289678,
    "mass": 28.009999999999998
  },
  {
    "indices": [
      33,
      46
    ],
    "composition": {
      "C": 1,
      "O": 1
    },
    "formula": "CO",
    "type": "CO",
    "n_atoms": 2,
    "center": [
      6.734205021420922,
      7.507447159585863,
      12.251716424134239
    ],
    "radius": 0.6393639291137964,
    "mass": 28.009999999999998
  },
  {
    "indices": [
      34,
      47
    ],
    "composition": {
      "C": 1,
      "O": 1
    },
    "formula": "CO",
    "type": "CO",
    "n_atoms": 2,
    "center": [
      13.238422356658337,
      7.927766779007499,
      9.843980305962157
    ],
    "radius": 0.640759663743646,
    "mass": 28.009999999999998
  },
  {
    "indices": [
      35,
      48
    ],
    "composition": {
      "O": 1,
      "C": 1
    },
    "formula": "CO",
    "type": "CO",
    "n_atoms": 2,
    "center": [
      7.949991549803642,
      7.643958294894682,
      16.06281280185648
    ],
    "radius": 0.6298543564676861,
    "mass": 28.009999999999998
  },
  {
    "indices": [
      36,
      49
    ],
    "composition": {
      "O": 1,
      "C": 1
    },
    "formula": "CO",
    "type": "CO",
    "n_atoms": 2,
    "center": [
      11.246197815423066,
      14.735050016779722,
      10.0620470999643
    ],
    "radius": 0.660166155679487,
    "mass": 28.009999999999998
  },
  {
    "indices": [
      37,
      50
    ],
    "composition": {
      "O": 1,
      "C": 1
    },
    "formula": "CO",
    "type": "CO",
    "n_atoms": 2,
    "center": [
      3.142565575508747,
      6.109375128168511,
      11.593556441627992
    ],
    "radius": 0.6688313630235968,
    "mass": 28.009999999999998
  },
  {
    "indices": [
      38,
      51
    ],
    "composition": {
      "O": 1,
      "C": 1
    },
    "formula": "CO",
    "type": "CO",
    "n_atoms": 2,
    "center": [
      6.9443182441985005,
      4.857082740449839,
      10.723085138521958
    ],
    "radius": 0.7393047780200013,
    "mass": 28.009999999999998
  },
  {
    "indices": [
      39,
      52
    ],
    "composition": {
      "O": 1,
      "C": 1
    },
    "formula": "CO",
    "type": "CO",
    "n_atoms": 2,
    "center": [
      7.545632033559444,
      4.228463732238486,
      15.677589178864691
    ],
    "radius": 0.6686343652201153,
    "mass": 28.009999999999998
  },
  {
    "indices": [
      40,
      53
    ],
    "composition": {
      "C": 1,
      "O": 1
    },
    "formula": "CO",
    "type": "CO",
    "n_atoms": 2,
    "center": [
      4.701338459835773,
      8.132160253480901,
      14.172629602284898
    ],
    "radius": 0.6537388222519344,
    "mass": 28.009999999999998
  },
  {
    "indices": [
      41,
      54
    ],
    "composition": {
      "C": 1,
      "O": 1
    },
    "formula": "CO",
    "type": "CO",
    "n_atoms": 2,
    "center": [
      10.52624851303106,
      4.927044675473047,
      9.882125898607642
    ],
    "radius": 0.6881219729568101,
    "mass": 28.009999999999998
  }
]