[
  {
    "indices": [
      28,
      39
    ],
    "composition": {
      "C": 1,
      "O": 1
    },
    "formula": "CO",
    "type": "CO",
    "n_atoms": 2,
    "center": [
      1.2735575240985364,
      12.519493044626921,
      10.153622318457694
    ],
    "radius": 0.6793419884712752,
    "mass": 28.009999999999998
  },
  {
    "indices": [
      29,
      40
    ],
    "composition": {
      "O": 1,
      "C": 1
    },
    "formula": "CO",
    "type": "CO",
    "n_atoms": 2,
    "center": [
      11.381365991788646,
      8.79727061370939,
      14.591695860406999
    ],
    "radius": 0.666610199063215,
    "mass": 28.009999999999998
  },
  {
    "indices": [
      30,
      41
    ],
    "composition": {
      "O": 1,
      "C": 1
    },
    "formula": "CO",
    "type": "CO",
    "n_atoms": 2,
    "center": [
      11.973800522670475,
      6.514671660478401,
      12.401650132095682
    ],
    "radius": 0.6641045586565385,
    "mass": 28.009999999999998
  },
  {
    "indices": [
      31,
      42
    ],
    "composition": {
      "O": 1,
      "C": 1
    },
    "formula": "CO",
    "type": "CO",
    "n_atoms": 2,
    "center": [
      9.5602513209568,
      7.854882196715459,
      10.118368420207071
    ],
    "radius": 0.7082243699397237,
    "mass": 28.009999999999998
  },
  {
    "indices": [
      32,
      43
    ],
    "composition": {
      "C": 1,
      "O": 1
    },
    "formula": "CO",
    "type": "CO",
    "n_atoms": 2,
    "center": [
      12.664453835415923,
      10.204854955730097,
      10.42084996394145
    ],
    "radius": 0.6485458278580315,
    "mass": 28.009999999999998
  },
  {
    "indices": [
      33,
      44
    ],
    "composition": {
      "C": 1,
      "O": 1
    },
    "formula": "CO",
    "type": "CO",
    "n_atoms": 2,
    "center": [
      6.998469593359515,
      8.763333735451626,
      12.043292479114601
    ],
    "radius": 0.6619025322028977,
    "mass": 28.009999999999998
  },
  {
    "indices": [
      34,
      45
    ],
    "composition": {
      "C": 1,
      "O": 1
    },
    "formula": "CO",
    "type": "CO",
    "n_atoms": 2,
    "center": [
      3.288737262406283,
      6.561194574794716,
      11.228041570510532
    ],
    "radius": 0.6566086471685635,
    "mass": 28.009999999999998
  },
  {
    "indices": [
      35,
      46
    ],
    "composition": {
      "C": 1,
      "O": 1
    },
    "formula": "CO",
    "type": "CO",
    "n_atoms": 2,
    "center": [
      7.416795881470905,
      5.570318822206355,
      10.925763795430203
    ],
    "radius": 0.7225901953354453,
    "mass": 28.009999999999998
  },
  {
    "indices": [
      36,
      47
    ],
    "composition": {
      "C": 1,
      "O": 1
    },
    "formula": "CO",
    "type": "CO",
    "n_atoms": 2,
    "center": [
      9.502767131738665,
      11.072582600142805,
      12.411805710103536
    ],
    "radius": 0.6838008705792258,
    "mass": 28.009999999999998
  },
  {
    "indices": [
      37,
      48
    ],
    "composition": {
      "O": 1,
      "C": 1
    },
    "formula": "CO",
    "type": "CO",
    "n_atoms": 2,
    "center": [
      8.524516545876473,
      6.507360243841486,
      14.59919040878258
    ],
    "radius": 0.6640997103135985,
    "mass": 28.009999999999998
  },
  {
    "indices": [
      38,
      49
    ],
    "composition": {
      "O": 1,
      "C": 1
    },
    "formula": "CO",
    "type": "CO",
    "n_atoms": 2,
    "center": [
      10.498581352017137,
      3.558408551588718,
      12.47793421135309
    ],
    "radius": 0.6723009736714379,
    "mass": 28.009999999999998
  }
]