[
  {
    "indices": [
      30,
      42
    ],
    "composition": {
      "O": 1,
      "C": 1
    },
    "formula": "CO",
    "type": "CO",
    "n_atoms": 2,
    "center": [
      0.8836063962870404,
      12.200842112102821,
      11.044343817565156
    ],
    "radius": 0.6771566106500532,
    "mass": 28.009999999999998
  },
  {
    "indices": [
      31,
      43
    ],
    "composition": {
      "O": 1,
      "C": 1
    },
    "formula": "CO",
    "type": "CO",
    "n_atoms": 2,
    "center": [
      4.323359549803643,
      10.616316867190289,
      11.960449307033203
    ],
    "radius": 0.656878696092662,
    "mass": 28.009999999999998
  },
  {
    "indices": [
      32,
      44
    ],
    "composition": {
      "C": 1,
      "O": 1
    },
    "formula": "CO",
    "type": "CO",
    "n_atoms": 2,
    "center": [
      8.754887894680472,
      5.163360536951089,
      15.27166412209925
    ],
    "radius": 0.6473785534435664,
    "mass": 28.009999999999998
  },
  {
    "indices": [
      33,
      45
    ],
    "composition": {
      "C": 1,
      "O": 1
    },
    "formula": "CO",
    "type": "CO",
    "n_atoms": 2,
    "center": [
      11.124426264548376,
      7.206463695822921,
      11.576879002499108
    ],
    "radius": 0.6535981996074669,
    "mass": 28.009999999999998
  },
  {
    "indices": [
      34,
      46
    ],
    "composition": {
      "C": 1,
      "O": 1
    },
    "formula": "CO",
    "type": "CO",
    "n_atoms": 2,
    "center": [
      7.5681663241699395,
      6.380068847911461,
      10.691951536594075
    ],
    "radius": 0.6821300450256016,
    "mass": 28.009999999999998
  },
  {
    "indices": [
      35,
      47
    ],
    "composition": {
      "C": 1,
      "O": 1
    },
    "formula": "CO",
    "type": "CO",
    "n_atoms": 2,
    "center": [
      13.908071000357017,
      8.738552035701534,
      9.969465259907176
    ],
    "radius": 0.6717719145432375,
    "mass": 28.009999999999998
  },
  {
    "indices": [
      36,
      48
    ],
    "composition": {
      "O": 1,
      "C": 1
    },
    "formula": "CO",
    "type": "CO",
    "n_atoms": 2,
    "center": [
      7.150671460192789,
      9.524584478043558,
      13.27229605069618
    ],
    "radius": 0.6501234760639212,
    "mass": 28.009999999999998
  },
  {
    "indices": [
      37,
      49
    ],
    "composition": {
      "O": 1,
      "C": 1
    },
    "formula": "CO",
    "type": "CO",
    "n_atoms": 2,
    "center": [
      4.840413144948234,
      6.483085843270261,
      11.275277096751159
    ],
    "radius": 0.6636760350838146,
    "mass": 28.009999999999998
  },
  {
    "indices": [
      38,
      50
    ],
    "composition": {
      "O": 1,
      "C": 1
    },
    "formula": "CO",
    "type": "CO",
    "n_atoms": 2,
    "center": [
      7.604767817922172,
      4.013719860406997,
      11.810276897536594
    ],
    "radius": 0.6862996865317641,
    "mass": 28.009999999999998
  },
  {
    "indices": [
      39,
      51
    ],
    "composition": {
      "O": 1,
      "C": 1
    },
    "formula": "CO",
    "type": "CO",
    "n_atoms": 2,
    "center": [
      10.191794912531241,
      8.479184435915744,
      14.08613586433417
    ],
    "radius": 0.6582340654691917,
    "mass": 28.009999999999998
  },
  {
    "indices": [
      40,
      52
    ],
    "composition": {
      "C": 1,
      "O": 1
    },
    "formula": "CO",
    "type": "CO",
    "n_atoms": 2,
    "center": [
      5.466695017850768,
      6.754621230988933,
      14.482935599428775
    ],
    "radius": 0.6938089989040802,
    "mass": 28.009999999999998
  },
  {
    "indices": [
      41,
      53
    ],
    "composition": {
      "C": 1,
      "O": 1
    },
    "formula": "CO",
    "type": "CO",
    "n_atoms": 2,
    "center": [
      11.285876588361297,
      3.749112953230989,
      11.792138510531954
    ],
    "radius": 0.6734620990709062,
    "mass": 28.009999999999998
  }
]