[
  {
    "indices": [
      32,
      45
    ],
    "composition": {
      "C": 1,
      "O": 1
    },
    "formula": "CO",
    "type": "CO",
    "n_atoms": 2,
    "center": [
      12.207244079614426,
      12.814026982506249,
      8.225497836129954
    ],
    "radius": 0.6522394303905266,
    "mass": 28.009999999999998
  },
  {
    "indices": [
      33,
      46
    ],
    "composition": {
      "C": 1,
      "O": 1
    },
    "formula": "CO",
    "type": "CO",
    "n_atoms": 2,
    "center": [
      1.6779041670831847,
      13.556142362727597,
      10.605187328097108
    ],
    "radius": 0.6548575625605232,
    "mass": 28.009999999999998
  },
  {
    "indices": [
      34,
      47
    ],
    "composition": {
      "C": 1,
      "O": 1
    },
    "formula": "CO",
    "type": "CO",
    "n_atoms": 2,
    "center": [
      5.112829257765084,
      11.296810782934667,
      11.761349796858264
    ],
    "radius": 0.612149235664349,
    "mass": 28.009999999999998
  },
  {
    "indices": [
      35,
      48
    ],
    "composition": {
      "O": 1,
      "C": 1
    },
    "formula": "CO",
    "type": "CO",
    "n_atoms": 2,
    "center": [
      6.579891812923956,
      9.245022897536593,
      15.174193961442343
    ],
    "radius": 0.6565191848819086,
    "mass": 28.009999999999998
  },
  {
    "indices": [
      36,
      49
    ],
    "composition": {
      "O": 1,
      "C": 1
    },
    "formula": "CO",
    "type": "CO",
    "n_atoms": 2,
    "center": [
      10.852801555515889,
      8.956340092466977,
      12.083609725455196
    ],
    "radius": 0.6623662535044871,
    "mass": 28.009999999999998
  },
  {
    "indices": [
      37,
      50
    ],
    "composition": {
      "O": 1,
      "C": 1
    },
    "formula": "CO",
    "type": "CO",
    "n_atoms": 2,
    "center": [
      7.292429763298822,
      8.763865544091397,
      11.200711129596572
    ],
    "radius": 0.6486960242144885,
    "mass": 28.009999999999998
  },
  {
    "indices": [
      38,
      51
    ],
    "composition": {
      "O": 1,
      "C": 1
    },
    "formula": "CO",
    "type": "CO",
    "n_atoms": 2,
    "center": [
      13.944052508389863,
      8.399252588718316,
      8.953559302749019
    ],
    "radius": 0.645030716113954,
    "mass": 28.009999999999998
  },
  {
    "indices": [
      39,
      52
    ],
    "composition": {
      "O": 1,
      "C": 1
    },
    "formula": "CO",
    "type": "CO",
    "n_atoms": 2,
    "center": [
      10.00720799393074,
      5.7532924087825785,
      13.822342980007141
    ],
    "radius": 0.6641632774938987,
    "mass": 28.009999999999998
  },
  {
    "indices": [
      40,
      53
    ],
    "composition": {
      "C": 1,
      "O": 1
    },
    "formula": "CO",
    "type": "CO",
    "n_atoms": 2,
    "center": [
      4.125607820064263,
      7.178437219921457,
      11.742998077115317
    ],
    "radius": 0.6630121595190311,
    "mass": 28.009999999999998
  },
  {
    "indices": [
      41,
      54
    ],
    "composition": {
      "C": 1,
      "O": 1
    },
    "formula": "CO",
    "type": "CO",
    "n_atoms": 2,
    "center": [
      8.21974766440557,
      5.35227150089254,
      10.215130311317386
    ],
    "radius": 0.6816479079617718,
    "mass": 28.009999999999998
  },
  {
    "indices": [
      42,
      55
    ],
    "composition": {
      "C": 1,
      "O": 1
    },
    "formula": "CO",
    "type": "CO",
    "n_atoms": 2,
    "center": [
      6.6411763438057845,
      5.751629101392361,
      14.41850802534809
    ],
    "radius": 0.6710239605626225,
    "mass": 28.009999999999998
  },
  {
    "indices": [
      43,
      56
    ],
    "composition": {
      "O": 1,
      "C": 1
    },
    "formula": "CO",
    "type": "CO",
    "n_atoms": 2,
    "center": [
      10.209198625490897,
      9.274078757943592,
      15.24688241413781
    ],
    "radius": 0.6424854479819685,
    "mass": 28.009999999999998
  },
  {
    "indices": [
      44,
      57
    ],
    "composition": {
      "O": 1,
      "C": 1
    },
    "formula": "CO",
    "type": "CO",
    "n_atoms": 2,
    "center": [
      11.274481977151018,
      5.960412255622992,
      10.498357900749731
    ],
    "radius": 0.6447409418272567,
    "mass": 28.009999999999998
  }
]