[
  {
    "indices": [
      27,
      39
    ],
    "composition": {
      "C": 1,
      "O": 1
    },
    "formula": "CO",
    "type": "CO",
    "n_atoms": 2,
    "center": [
      2.612909571224563,
      12.907802846840415,
      10.401372865405213
    ],
    "radius": 0.686459073428979,
    "mass": 28.009999999999998
  },
  {
    "indices": [
      28,
      40
    ],
    "composition": {
      "O": 1,
      "C": 1
    },
    "formula": "CO",
    "type": "CO",
    "n_atoms": 2,
    "center": [
      5.702660051767227,
      10.1207284441271,
      12.081665637272403
    ],
    "radius": 0.6575055231407674,
    "mass": 28.009999999999998
  },
  {
    "indices": [
      29,
      41
    ],
    "composition": {
      "O": 1,
      "C": 1
    },
    "formula": "CO",
    "type": "CO",
    "n_atoms": 2,
    "center": [
      8.359236134237772,
      8.343614722599073,
      13.38849503855766
    ],
    "radius": 0.6644286918090002,
    "mass": 28.009999999999998
  },
  {
    "indices": [
      30,
      42
    ],
    "composition": {
      "O": 1,
      "C": 1
    },
    "formula": "CO",
    "type": "CO",
    "n_atoms": 2,
    "center": [
      11.137912821492325,
      4.565794122813282,
      11.976501640485541
    ],
    "radius": 0.6754634791535141,
    "mass": 28.009999999999998
  },
  {
    "indices": [
      31,
      43
    ],
    "composition": {
      "O": 1,
      "C": 1
    },
    "formula": "CO",
    "type": "CO",
    "n_atoms": 2,
    "center": [
      10.487890249196717,
      7.8221973588004285,
      10.104797063191716
    ],
    "radius": 0.6896428004971376,
    "mass": 28.009999999999998
  },
  {
    "indices": [
      32,
      44
    ],
    "composition": {
      "C": 1,
      "O": 1
    },
    "formula": "CO",
    "type": "CO",
    "n_atoms": 2,
    "center": [
      13.644604919671547,
      6.942443757229562,
      10.505386907533026
    ],
    "radius": 0.6664254982859197,
    "mass": 28.009999999999998
  },
  {
    "indices": [
      33,
      45
    ],
    "composition": {
      "C": 1,
      "O": 1
    },
    "formula": "CO",
    "type": "CO",
    "n_atoms": 2,
    "center": [
      9.38368681042485,
      3.9320464027133166,
      15.532616009639415
    ],
    "radius": 0.6536458120172403,
    "mass": 28.009999999999998
  },
  {
    "indices": [
      34,
      46
    ],
    "composition": {
      "C": 1,
      "O": 1
    },
    "formula": "CO",
    "type": "CO",
    "n_atoms": 2,
    "center": [
      3.9632165023206003,
      4.95314934487683,
      11.472557133880757
    ],
    "radius": 0.686278856571267,
    "mass": 28.009999999999998
  },
  {
    "indices": [
      35,
      47
    ],
    "composition": {
      "C": 1,
      "O": 1
    },
    "formula": "CO",
    "type": "CO",
    "n_atoms": 2,
    "center": [
      7.190519436629776,
      6.70256943627276,
      10.362007335237417
    ],
    "radius": 0.715404889430765,
    "mass": 28.009999999999998
  },
  {
    "indices": [
      36,
      48
    ],
    "composition": {
      "O": 1,
      "C": 1
    },
    "formula": "CO",
    "type": "CO",
    "n_atoms": 2,
    "center": [
      6.653774111031775,
      5.3390695837201,
      13.945582129596575
    ],
    "radius": 0.6772574997426405,
    "mass": 28.009999999999998
  },
  {
    "indices": [
      37,
      49
    ],
    "composition": {
      "O": 1,
      "C": 1
    },
    "formula": "CO",
    "type": "CO",
    "n_atoms": 2,
    "center": [
      11.29892344555516,
      6.991019903605856,
      15.37228253409497
    ],
    "radius": 0.6648682606757834,
    "mass": 28.009999999999998
  },
  {
    "indices": [
      38,
      50
    ],
    "composition": {
      "O": 1,
      "C": 1
    },
    "formula": "CO",
    "type": "CO",
    "n_atoms": 2,
    "center": [
      7.838585535166013,
      3.717078043555873,
      11.31344651088897
    ],
    "radius": 0.6800579321622319,
    "mass": 28.009999999999998
  }
]