[
  {
    "indices": [
      31,
      43
    ],
    "composition": {
      "O": 1,
      "C": 1
    },
    "formula": "CO",
    "type": "CO",
    "n_atoms": 2,
    "center": [
      12.168695431274545,
      7.240880576579794,
      10.516396199928597
    ],
    "radius": 0.6368725902381857,
    "mass": 28.009999999999998
  },
  {
    "indices": [
      32,
      44
    ],
    "composition": {
      "C": 1,
      "O": 1
    },
    "formula": "CO",
    "type": "CO",
    "n_atoms": 2,
    "center": [
      7.978778998214923,
      9.292522298464835,
      10.502736571938595
    ],
    "radius": 0.6993337175056921,
    "mass": 28.009999999999998
  },
  {
    "indices": [
      33,
      45
    ],
    "composition": {
      "C": 1,
      "O": 1
    },
    "formula": "CO",
    "type": "CO",
    "n_atoms": 2,
    "center": [
      5.743014509817922,
      11.038897570153518,
      12.832280060335595
    ],
    "radius": 0.6426096828259019,
    "mass": 28.009999999999998
  },
  {
    "indices": [
      34,
      46
    ],
    "composition": {
      "C": 1,
      "O": 1
    },
    "formula": "CO",
    "type": "CO",
    "n_atoms": 2,
    "center": [
      8.177010844698323,
      3.7317552056408427,
      15.511425657265264
    ],
    "radius": 0.6663612013022587,
    "mass": 28.009999999999998
  },
  {
    "indices": [
      35,
      47
    ],
    "composition": {
      "C": 1,
      "O": 1
    },
    "formula": "CO",
    "type": "CO",
    "n_atoms": 2,
    "center": [
      8.167653113173868,
      2.56408602070689,
      12.88859493859336
    ],
    "radius": 0.7085044013278452,
    "mass": 28.009999999999998
  },
  {
    "indices": [
      36,
      48
    ],
    "composition": {
      "O": 1,
      "C": 1
    },
    "formula": "CO",
    "type": "CO",
    "n_atoms": 2,
    "center": [
      9.949608962870405,
      4.978334583363085,
      11.020819281685114
    ],
    "radius": 0.6588642966293348,
    "mass": 28.009999999999998
  },
  {
    "indices": [
      37,
      49
    ],
    "composition": {
      "O": 1,
      "C": 1
    },
    "formula": "CO",
    "type": "CO",
    "n_atoms": 2,
    "center": [
      10.240675990360586,
      7.432020944305606,
      13.342491534094965
    ],
    "radius": 0.6613554047363195,
    "mass": 28.009999999999998
  },
  {
    "indices": [
      38,
      50
    ],
    "composition": {
      "O": 1,
      "C": 1
    },
    "formula": "CO",
    "type": "CO",
    "n_atoms": 2,
    "center": [
      3.4442837818636205,
      6.601993356301321,
      11.745132240985363
    ],
    "radius": 0.6881539153834346,
    "mass": 28.009999999999998
  },
  {
    "indices": [
      39,
      51
    ],
    "composition": {
      "O": 1,
      "C": 1
    },
    "formula": "CO",
    "type": "CO",
    "n_atoms": 2,
    "center": [
      6.626243103177438,
      6.435783500178508,
      10.293258533380936
    ],
    "radius": 0.7175329042146934,
    "mass": 28.009999999999998
  },
  {
    "indices": [
      40,
      52
    ],
    "composition": {
      "C": 1,
      "O": 1
    },
    "formula": "CO",
    "type": "CO",
    "n_atoms": 2,
    "center": [
      10.940165130667621,
      4.31156621813638,
      14.920806760085686
    ],
    "radius": 0.6676019918302339,
    "mass": 28.009999999999998
  },
  {
    "indices": [
      41,
      53
    ],
    "composition": {
      "C": 1,
      "O": 1
    },
    "formula": "CO",
    "type": "CO",
    "n_atoms": 2,
    "center": [
      6.732947024277045,
      6.913686683684398,
      13.640083759371654
    ],
    "radius": 0.6734140300849034,
    "mass": 28.009999999999998
  },
  {
    "indices": [
      42,
      54
    ],
    "composition": {
      "C": 1,
      "O": 1
    },
    "formula": "CO",
    "type": "CO",
    "n_atoms": 2,
    "center": [
      5.258239057122457,
      3.9833670239200285,
      11.238018829703677
    ],
    "radius": 0.6715063966978729,
    "mass": 28.009999999999998
  }
]